C:\Users\Daniel Busing\Desktop\Education\Griffith Uni\2026 School Year\2802ICT - Intelligent Systems\Assignment2\train.py:407: UserWarning: FigureCanvasAgg is non-interactive, and thus cannot be shown
  plt.show()
============================================================
FASHION-MNIST NEURAL NETWORK TRAINING
============================================================
Model: MLP
Input size: 784
Hidden size 1: 30
Activation function: sigmoid
Output size: 10
Epochs: 20
Learning rate: 0.01
Batch size: 4
Data directory: ./data
Validation ratio: 0.2
Random seed: 42
============================================================
Loading Fashion-MNIST dataset...
Training data shape: (30000, 784), Labels shape: (30000,)
Test data shape: (10000, 784), Labels shape: (10000,)
Number of classes: 10

Creating validation split with 20% of training data...
  Class 0: 3000 -> Train: 2400, Val: 600
  Class 1: 3000 -> Train: 2400, Val: 600
  Class 2: 3000 -> Train: 2400, Val: 600
  Class 3: 3000 -> Train: 2400, Val: 600
  Class 4: 3000 -> Train: 2400, Val: 600
  Class 5: 3000 -> Train: 2400, Val: 600
  Class 6: 3000 -> Train: 2400, Val: 600
  Class 7: 3000 -> Train: 2400, Val: 600
  Class 8: 3000 -> Train: 2400, Val: 600
  Class 9: 3000 -> Train: 2400, Val: 600

Final split:
  Training set: 24000 samples
  Validation set: 6000 samples

Created Two-Layer MLP

Starting training for 20 epochs...
Learning rate: 0.01, Batch size: 4
Epoch   1/20 | Train Loss: 1.5188 | Val Loss: 0.9743 | Test Loss: 0.9745 | Train Acc: 64.26% | Val Acc: 64.55% | Test Acc: 64.18% | Time: 3.93s
         *** New best validation accuracy! ***
Epoch   5/20 | Train Loss: 0.4915 | Val Loss: 0.5292 | Test Loss: 0.5116 | Train Acc: 82.17% | Val Acc: 81.00% | Test Acc: 81.73% | Time: 3.60s
         *** New best validation accuracy! ***
Epoch  10/20 | Train Loss: 0.3824 | Val Loss: 0.4530 | Test Loss: 0.4268 | Train Acc: 85.54% | Val Acc: 84.33% | Test Acc: 85.05% | Time: 3.58s
         *** New best validation accuracy! ***
Epoch  15/20 | Train Loss: 0.3388 | Val Loss: 0.4256 | Test Loss: 0.4018 | Train Acc: 86.86% | Val Acc: 85.12% | Test Acc: 85.73% | Time: 3.58s
         *** New best validation accuracy! ***
Epoch  20/20 | Train Loss: 0.3122 | Val Loss: 0.4131 | Test Loss: 0.3906 | Train Acc: 87.60% | Val Acc: 85.85% | Test Acc: 86.22% | Time: 3.58s
         *** New best validation accuracy! ***

Model selection results:
  Best validation accuracy: 85.85% (epoch 20)
  Test accuracy of best model: 86.22%

============================================================
TRAINING COMPLETED
============================================================
Total training time: 72.61 seconds
Final training loss: 0.3122
Final validation loss: 0.4131
Final test loss: 0.3906
Final training accuracy: 87.60%
Best validation accuracy: 85.85% (epoch 20)
Test accuracy of best model: 86.22%

Training history plot saved as 'results\plots\two-layer_mlp_sigmoid_h30_50pct_lr0.01_bs4_ep20_seed42_20260924-132329_training_history.png'
Run history saved as 'results\history\two-layer_mlp_sigmoid_h30_50pct_lr0.01_bs4_ep20_seed42_20260924-132329.json'
Experiment logged to 'results\experiment_log.csv' (run_id: two-layer_mlp_sigmoid_h30_50pct_lr0.01_bs4_ep20_seed42_20260924-132329)
============================================================
