C:\Users\Daniel Busing\Desktop\Education\Griffith Uni\2026 School Year\2802ICT - Intelligent Systems\Assignment2\train.py:407: UserWarning: FigureCanvasAgg is non-interactive, and thus cannot be shown
  plt.show()
============================================================
FASHION-MNIST NEURAL NETWORK TRAINING
============================================================
Model: MLP3
Input size: 784
Hidden size 1: 30
Activation function: sigmoid
Hidden size 2: 30
Residual connections: False
Activation function: sigmoid
Output size: 10
Epochs: 20
Learning rate: 0.01
Batch size: 4
Data directory: ./data
Validation ratio: 0.2
Random seed: 42
============================================================
Loading Fashion-MNIST dataset...
Training data shape: (60000, 784), Labels shape: (60000,)
Test data shape: (10000, 784), Labels shape: (10000,)
Number of classes: 10

Creating validation split with 20% of training data...
  Class 0: 6000 -> Train: 4800, Val: 1200
  Class 1: 6000 -> Train: 4800, Val: 1200
  Class 2: 6000 -> Train: 4800, Val: 1200
  Class 3: 6000 -> Train: 4800, Val: 1200
  Class 4: 6000 -> Train: 4800, Val: 1200
  Class 5: 6000 -> Train: 4800, Val: 1200
  Class 6: 6000 -> Train: 4800, Val: 1200
  Class 7: 6000 -> Train: 4800, Val: 1200
  Class 8: 6000 -> Train: 4800, Val: 1200
  Class 9: 6000 -> Train: 4800, Val: 1200

Final split:
  Training set: 48000 samples
  Validation set: 12000 samples

Created Three-Layer MLP

Starting training for 20 epochs...
Learning rate: 0.01, Batch size: 4
Epoch   1/20 | Train Loss: 2.2891 | Val Loss: 2.3071 | Test Loss: 2.3071 | Train Acc: 10.00% | Val Acc: 10.00% | Test Acc: 10.00% | Time: 8.82s
         *** New best validation accuracy! ***
Epoch   5/20 | Train Loss: 0.9683 | Val Loss: 0.8871 | Test Loss: 0.8848 | Train Acc: 66.55% | Val Acc: 66.56% | Test Acc: 66.34% | Time: 8.88s
         *** New best validation accuracy! ***
Epoch  10/20 | Train Loss: 0.4366 | Val Loss: 0.4873 | Test Loss: 0.4809 | Train Acc: 83.53% | Val Acc: 83.19% | Test Acc: 82.98% | Time: 8.89s
         *** New best validation accuracy! ***
Epoch  15/20 | Train Loss: 0.3244 | Val Loss: 0.4344 | Test Loss: 0.4242 | Train Acc: 85.45% | Val Acc: 84.74% | Test Acc: 84.62% | Time: 9.18s
Epoch  20/20 | Train Loss: 0.2821 | Val Loss: 0.3808 | Test Loss: 0.3730 | Train Acc: 88.15% | Val Acc: 86.90% | Test Acc: 86.78% | Time: 9.23s
         *** New best validation accuracy! ***

Model selection results:
  Best validation accuracy: 86.90% (epoch 20)
  Test accuracy of best model: 86.78%

============================================================
TRAINING COMPLETED
============================================================
Total training time: 179.78 seconds
Final training loss: 0.2821
Final validation loss: 0.3808
Final test loss: 0.3730
Final training accuracy: 88.15%
Best validation accuracy: 86.90% (epoch 20)
Test accuracy of best model: 86.78%

Training history plot saved as 'results\plots\three-layer_mlp_sigmoid_h30_h2-30_lr0.01_bs4_ep20_seed42_20260924-132504_training_history.png'
Run history saved as 'results\history\three-layer_mlp_sigmoid_h30_h2-30_lr0.01_bs4_ep20_seed42_20260924-132504.json'
Experiment logged to 'results\experiment_log.csv' (run_id: three-layer_mlp_sigmoid_h30_h2-30_lr0.01_bs4_ep20_seed42_20260924-132504)
============================================================
