C:\Users\Daniel Busing\Desktop\Education\Griffith Uni\2026 School Year\2802ICT - Intelligent Systems\Assignment2\train.py:407: UserWarning: FigureCanvasAgg is non-interactive, and thus cannot be shown
  plt.show()
============================================================
FASHION-MNIST NEURAL NETWORK TRAINING
============================================================
Model: MLP3
Input size: 784
Hidden size 1: 30
Activation function: sigmoid
Hidden size 2: 30
Residual connections: False
Activation function: sigmoid
Output size: 10
Epochs: 20
Learning rate: 0.01
Batch size: 4
Data directory: ./data
Validation ratio: 0.2
Random seed: 42
============================================================
Loading Fashion-MNIST dataset...
Training data shape: (30000, 784), Labels shape: (30000,)
Test data shape: (10000, 784), Labels shape: (10000,)
Number of classes: 10

Creating validation split with 20% of training data...
  Class 0: 3000 -> Train: 2400, Val: 600
  Class 1: 3000 -> Train: 2400, Val: 600
  Class 2: 3000 -> Train: 2400, Val: 600
  Class 3: 3000 -> Train: 2400, Val: 600
  Class 4: 3000 -> Train: 2400, Val: 600
  Class 5: 3000 -> Train: 2400, Val: 600
  Class 6: 3000 -> Train: 2400, Val: 600
  Class 7: 3000 -> Train: 2400, Val: 600
  Class 8: 3000 -> Train: 2400, Val: 600
  Class 9: 3000 -> Train: 2400, Val: 600

Final split:
  Training set: 24000 samples
  Validation set: 6000 samples

Created Three-Layer MLP

Starting training for 20 epochs...
Learning rate: 0.01, Batch size: 4
Epoch   1/20 | Train Loss: 2.2879 | Val Loss: 2.3091 | Test Loss: 2.3091 | Train Acc: 10.00% | Val Acc: 10.00% | Test Acc: 10.00% | Time: 4.55s
         *** New best validation accuracy! ***
Epoch   5/20 | Train Loss: 2.1163 | Val Loss: 1.7682 | Test Loss: 1.7663 | Train Acc: 24.08% | Val Acc: 23.90% | Test Acc: 23.93% | Time: 4.48s
         *** New best validation accuracy! ***
Epoch  10/20 | Train Loss: 0.9736 | Val Loss: 0.9178 | Test Loss: 0.9087 | Train Acc: 67.69% | Val Acc: 67.50% | Test Acc: 67.24% | Time: 4.26s
         *** New best validation accuracy! ***
Epoch  15/20 | Train Loss: 0.6005 | Val Loss: 0.6381 | Test Loss: 0.6240 | Train Acc: 78.29% | Val Acc: 77.78% | Test Acc: 77.78% | Time: 4.62s
         *** New best validation accuracy! ***
Epoch  20/20 | Train Loss: 0.4468 | Val Loss: 0.5212 | Test Loss: 0.5007 | Train Acc: 83.57% | Val Acc: 82.05% | Test Acc: 82.40% | Time: 4.58s
         *** New best validation accuracy! ***

Model selection results:
  Best validation accuracy: 82.05% (epoch 20)
  Test accuracy of best model: 82.40%

============================================================
TRAINING COMPLETED
============================================================
Total training time: 89.44 seconds
Final training loss: 0.4468
Final validation loss: 0.5212
Final test loss: 0.5007
Final training accuracy: 83.57%
Best validation accuracy: 82.05% (epoch 20)
Test accuracy of best model: 82.40%

Training history plot saved as 'results\plots\three-layer_mlp_sigmoid_h30_h2-30_50pct_lr0.01_bs4_ep20_seed42_20260924-132807_training_history.png'
Run history saved as 'results\history\three-layer_mlp_sigmoid_h30_h2-30_50pct_lr0.01_bs4_ep20_seed42_20260924-132807.json'
Experiment logged to 'results\experiment_log.csv' (run_id: three-layer_mlp_sigmoid_h30_h2-30_50pct_lr0.01_bs4_ep20_seed42_20260924-132807)
============================================================
