C:\Users\Daniel Busing\Desktop\Education\Griffith Uni\2026 School Year\2802ICT - Intelligent Systems\Assignment2\train.py:407: UserWarning: FigureCanvasAgg is non-interactive, and thus cannot be shown
  plt.show()
============================================================
FASHION-MNIST NEURAL NETWORK TRAINING
============================================================
Model: MLP3
Input size: 784
Hidden size 1: 30
Activation function: sigmoid
Hidden size 2: 30
Residual connections: True
Activation function: sigmoid
Output size: 10
Epochs: 20
Learning rate: 10.0
Batch size: 4
Data directory: ./data
Validation ratio: 0.2
Random seed: 42
============================================================
Loading Fashion-MNIST dataset...
Training data shape: (60000, 784), Labels shape: (60000,)
Test data shape: (10000, 784), Labels shape: (10000,)
Number of classes: 10

Creating validation split with 20% of training data...
  Class 0: 6000 -> Train: 4800, Val: 1200
  Class 1: 6000 -> Train: 4800, Val: 1200
  Class 2: 6000 -> Train: 4800, Val: 1200
  Class 3: 6000 -> Train: 4800, Val: 1200
  Class 4: 6000 -> Train: 4800, Val: 1200
  Class 5: 6000 -> Train: 4800, Val: 1200
  Class 6: 6000 -> Train: 4800, Val: 1200
  Class 7: 6000 -> Train: 4800, Val: 1200
  Class 8: 6000 -> Train: 4800, Val: 1200
  Class 9: 6000 -> Train: 4800, Val: 1200

Final split:
  Training set: 48000 samples
  Validation set: 12000 samples

Created Three-Layer MLP

Starting training for 20 epochs...
Learning rate: 10.0, Batch size: 4
Epoch   1/20 | Train Loss: 24.8664 | Val Loss: 24.8679 | Test Loss: 24.8679 | Train Acc: 10.00% | Val Acc: 10.00% | Test Acc: 10.00% | Time: 8.70s
         *** New best validation accuracy! ***
Epoch   5/20 | Train Loss: 24.8679 | Val Loss: 24.8679 | Test Loss: 24.8679 | Train Acc: 10.00% | Val Acc: 10.00% | Test Acc: 10.00% | Time: 8.72s
         *** New best validation accuracy! ***
Epoch  10/20 | Train Loss: 24.8679 | Val Loss: 24.8679 | Test Loss: 24.8679 | Train Acc: 10.00% | Val Acc: 10.00% | Test Acc: 10.00% | Time: 8.87s
         *** New best validation accuracy! ***
Epoch  15/20 | Train Loss: 24.8679 | Val Loss: 24.8679 | Test Loss: 24.8679 | Train Acc: 10.00% | Val Acc: 10.00% | Test Acc: 10.00% | Time: 8.74s
         *** New best validation accuracy! ***
Epoch  20/20 | Train Loss: 24.8679 | Val Loss: 24.8679 | Test Loss: 24.8679 | Train Acc: 10.00% | Val Acc: 10.00% | Test Acc: 10.00% | Time: 8.72s
         *** New best validation accuracy! ***

Model selection results:
  Best validation accuracy: 10.00% (epoch 1)
  Test accuracy of best model: 10.00%

============================================================
TRAINING COMPLETED
============================================================
Total training time: 175.09 seconds
Final training loss: 24.8679
Final validation loss: 24.8679
Final test loss: 24.8679
Final training accuracy: 10.00%
Best validation accuracy: 10.00% (epoch 1)
Test accuracy of best model: 10.00%

Training history plot saved as 'results\plots\three-layer_mlp_sigmoid_h30_h2-30_residual_lr10.0_bs4_ep20_seed42_20260924-134107_training_history.png'
Run history saved as 'results\history\three-layer_mlp_sigmoid_h30_h2-30_residual_lr10.0_bs4_ep20_seed42_20260924-134107.json'
Experiment logged to 'results\experiment_log.csv' (run_id: three-layer_mlp_sigmoid_h30_h2-30_residual_lr10.0_bs4_ep20_seed42_20260924-134107)
============================================================
