C:\Users\Daniel Busing\Desktop\Education\Griffith Uni\2026 School Year\2802ICT - Intelligent Systems\Assignment2\train.py:407: UserWarning: FigureCanvasAgg is non-interactive, and thus cannot be shown
  plt.show()
============================================================
FASHION-MNIST NEURAL NETWORK TRAINING
============================================================
Model: MLP3
Input size: 784
Hidden size 1: 30
Activation function: sigmoid
Hidden size 2: 30
Residual connections: True
Activation function: sigmoid
Output size: 10
Epochs: 20
Learning rate: 0.01
Batch size: 1
Data directory: ./data
Validation ratio: 0.2
Random seed: 42
============================================================
Loading Fashion-MNIST dataset...
Training data shape: (60000, 784), Labels shape: (60000,)
Test data shape: (10000, 784), Labels shape: (10000,)
Number of classes: 10

Creating validation split with 20% of training data...
  Class 0: 6000 -> Train: 4800, Val: 1200
  Class 1: 6000 -> Train: 4800, Val: 1200
  Class 2: 6000 -> Train: 4800, Val: 1200
  Class 3: 6000 -> Train: 4800, Val: 1200
  Class 4: 6000 -> Train: 4800, Val: 1200
  Class 5: 6000 -> Train: 4800, Val: 1200
  Class 6: 6000 -> Train: 4800, Val: 1200
  Class 7: 6000 -> Train: 4800, Val: 1200
  Class 8: 6000 -> Train: 4800, Val: 1200
  Class 9: 6000 -> Train: 4800, Val: 1200

Final split:
  Training set: 48000 samples
  Validation set: 12000 samples

Created Three-Layer MLP

Starting training for 20 epochs...
Learning rate: 0.01, Batch size: 1
Epoch   1/20 | Train Loss: 0.5372 | Val Loss: 0.4902 | Test Loss: 0.4841 | Train Acc: 82.35% | Val Acc: 81.60% | Test Acc: 81.69% | Time: 34.51s
         *** New best validation accuracy! ***
Epoch   5/20 | Train Loss: 0.2300 | Val Loss: 0.3923 | Test Loss: 0.3847 | Train Acc: 87.05% | Val Acc: 85.82% | Test Acc: 86.00% | Time: 34.16s
         *** New best validation accuracy! ***
Epoch  10/20 | Train Loss: 0.1944 | Val Loss: 0.3659 | Test Loss: 0.3707 | Train Acc: 88.74% | Val Acc: 87.02% | Test Acc: 86.56% | Time: 35.02s
Epoch  15/20 | Train Loss: 0.1764 | Val Loss: 0.4044 | Test Loss: 0.4016 | Train Acc: 87.94% | Val Acc: 86.00% | Test Acc: 85.90% | Time: 35.05s
Epoch  20/20 | Train Loss: 0.1652 | Val Loss: 0.3598 | Test Loss: 0.3461 | Train Acc: 90.83% | Val Acc: 87.92% | Test Acc: 87.89% | Time: 34.55s
         *** New best validation accuracy! ***

Model selection results:
  Best validation accuracy: 87.92% (epoch 20)
  Test accuracy of best model: 87.89%

============================================================
TRAINING COMPLETED
============================================================
Total training time: 700.13 seconds
Final training loss: 0.1652
Final validation loss: 0.3598
Final test loss: 0.3461
Final training accuracy: 90.83%
Best validation accuracy: 87.92% (epoch 20)
Test accuracy of best model: 87.89%

Training history plot saved as 'results\plots\three-layer_mlp_sigmoid_h30_h2-30_residual_lr0.01_bs1_ep20_seed42_20260924-134706_training_history.png'
Run history saved as 'results\history\three-layer_mlp_sigmoid_h30_h2-30_residual_lr0.01_bs1_ep20_seed42_20260924-134706.json'
Experiment logged to 'results\experiment_log.csv' (run_id: three-layer_mlp_sigmoid_h30_h2-30_residual_lr0.01_bs1_ep20_seed42_20260924-134706)
============================================================
