C:\Users\Daniel Busing\Desktop\Education\Griffith Uni\2026 School Year\2802ICT - Intelligent Systems\Assignment2\train.py:407: UserWarning: FigureCanvasAgg is non-interactive, and thus cannot be shown
  plt.show()
============================================================
FASHION-MNIST NEURAL NETWORK TRAINING
============================================================
Model: MLP3
Input size: 784
Hidden size 1: 30
Activation function: sigmoid
Hidden size 2: 30
Residual connections: True
Activation function: sigmoid
Output size: 10
Epochs: 20
Learning rate: 0.01
Batch size: 8
Data directory: ./data
Validation ratio: 0.2
Random seed: 42
============================================================
Loading Fashion-MNIST dataset...
Training data shape: (60000, 784), Labels shape: (60000,)
Test data shape: (10000, 784), Labels shape: (10000,)
Number of classes: 10

Creating validation split with 20% of training data...
  Class 0: 6000 -> Train: 4800, Val: 1200
  Class 1: 6000 -> Train: 4800, Val: 1200
  Class 2: 6000 -> Train: 4800, Val: 1200
  Class 3: 6000 -> Train: 4800, Val: 1200
  Class 4: 6000 -> Train: 4800, Val: 1200
  Class 5: 6000 -> Train: 4800, Val: 1200
  Class 6: 6000 -> Train: 4800, Val: 1200
  Class 7: 6000 -> Train: 4800, Val: 1200
  Class 8: 6000 -> Train: 4800, Val: 1200
  Class 9: 6000 -> Train: 4800, Val: 1200

Final split:
  Training set: 48000 samples
  Validation set: 12000 samples

Created Three-Layer MLP

Starting training for 20 epochs...
Learning rate: 0.01, Batch size: 8
Epoch   1/20 | Train Loss: 1.4626 | Val Loss: 0.9121 | Test Loss: 0.9117 | Train Acc: 68.08% | Val Acc: 68.38% | Test Acc: 67.47% | Time: 4.82s
         *** New best validation accuracy! ***
Epoch   5/20 | Train Loss: 0.4601 | Val Loss: 0.4986 | Test Loss: 0.4888 | Train Acc: 83.05% | Val Acc: 82.62% | Test Acc: 82.93% | Time: 4.66s
         *** New best validation accuracy! ***
Epoch  10/20 | Train Loss: 0.3667 | Val Loss: 0.4295 | Test Loss: 0.4217 | Train Acc: 85.54% | Val Acc: 84.88% | Test Acc: 85.06% | Time: 4.69s
         *** New best validation accuracy! ***
Epoch  15/20 | Train Loss: 0.3279 | Val Loss: 0.4288 | Test Loss: 0.4194 | Train Acc: 85.61% | Val Acc: 84.67% | Test Acc: 84.63% | Time: 4.64s
Epoch  20/20 | Train Loss: 0.3045 | Val Loss: 0.3819 | Test Loss: 0.3715 | Train Acc: 87.95% | Val Acc: 86.67% | Test Acc: 86.56% | Time: 4.60s
         *** New best validation accuracy! ***

Model selection results:
  Best validation accuracy: 86.67% (epoch 20)
  Test accuracy of best model: 86.56%

============================================================
TRAINING COMPLETED
============================================================
Total training time: 93.06 seconds
Final training loss: 0.3045
Final validation loss: 0.3819
Final test loss: 0.3715
Final training accuracy: 87.95%
Best validation accuracy: 86.67% (epoch 20)
Test accuracy of best model: 86.56%

Training history plot saved as 'results\plots\three-layer_mlp_sigmoid_h30_h2-30_residual_lr0.01_bs8_ep20_seed42_20260924-135851_training_history.png'
Run history saved as 'results\history\three-layer_mlp_sigmoid_h30_h2-30_residual_lr0.01_bs8_ep20_seed42_20260924-135851.json'
Experiment logged to 'results\experiment_log.csv' (run_id: three-layer_mlp_sigmoid_h30_h2-30_residual_lr0.01_bs8_ep20_seed42_20260924-135851)
============================================================
